C:\Users\zaved\AppData\Local\Programs\Python\Python311\Lib\site-packages\pydantic\_internal\_fields.py:132: UserWarning: Field "model_id" in TrainingResult has conflict with protected namespace "model_".

You may be able to resolve this warning by setting `model_config['protected_namespaces'] = ()`.
  warnings.warn(
C:\Users\zaved\AppData\Local\Programs\Python\Python311\Lib\site-packages\pydantic\_internal\_fields.py:132: UserWarning: Field "model_id" in EvaluationResult has conflict with protected namespace "model_".

You may be able to resolve this warning by setting `model_config['protected_namespaces'] = ()`.
  warnings.warn(
C:\Users\zaved\AppData\Local\Programs\Python\Python311\Lib\site-packages\pydantic\_internal\_fields.py:132: UserWarning: Field "model_id" in ModelComparisonEntry has conflict with protected namespace "model_".

You may be able to resolve this warning by setting `model_config['protected_namespaces'] = ()`.
  warnings.warn(
C:\Users\zaved\AppData\Local\Programs\Python\Python311\Lib\site-packages\pydantic\_internal\_fields.py:132: UserWarning: Field "model_id" in BaselineComparisonResult has conflict with protected namespace "model_".

You may be able to resolve this warning by setting `model_config['protected_namespaces'] = ()`.
  warnings.warn(
C:\Users\zaved\AppData\Local\Programs\Python\Python311\Lib\site-packages\pydantic\_internal\_fields.py:132: UserWarning: Field "model_primary_metric_value" in BaselineComparisonResult has conflict with protected namespace "model_".

You may be able to resolve this warning by setting `model_config['protected_namespaces'] = ()`.
  warnings.warn(
C:\Users\zaved\AppData\Local\Programs\Python\Python311\Lib\site-packages\pydantic\_internal\_fields.py:132: UserWarning: Field "model_random_state" in ReproducibilityMetadata has conflict with protected namespace "model_".

You may be able to resolve this warning by setting `model_config['protected_namespaces'] = ()`.
  warnings.warn(
C:\Users\zaved\AppData\Local\Programs\Python\Python311\Lib\site-packages\pydantic\_internal\_fields.py:132: UserWarning: Field "model_results" in AgentState has conflict with protected namespace "model_".

You may be able to resolve this warning by setting `model_config['protected_namespaces'] = ()`.
  warnings.warn(
C:\Users\zaved\AppData\Local\Programs\Python\Python311\Lib\site-packages\pydantic\_internal\_fields.py:132: UserWarning: Field "model_id" in ModelArtifactMetadata has conflict with protected namespace "model_".

You may be able to resolve this warning by setting `model_config['protected_namespaces'] = ()`.
  warnings.warn(
C:\Users\zaved\AppData\Local\Programs\Python\Python311\Lib\site-packages\pydantic\_internal\_fields.py:132: UserWarning: Field "model_id" in EvaluationExplanation has conflict with protected namespace "model_".

You may be able to resolve this warning by setting `model_config['protected_namespaces'] = ()`.
  warnings.warn(
C:\Users\zaved\AppData\Local\Programs\Python\Python311\Lib\site-packages\pydantic\_internal\_fields.py:132: UserWarning: Field "model_selection" in RunExplanation has conflict with protected namespace "model_".

You may be able to resolve this warning by setting `model_config['protected_namespaces'] = ()`.
  warnings.warn(
C:\Users\zaved\AppData\Local\Programs\Python\Python311\Lib\site-packages\pydantic\_internal\_fields.py:132: UserWarning: Field "model_candidates" in CanonicalPlan has conflict with protected namespace "model_".

You may be able to resolve this warning by setting `model_config['protected_namespaces'] = ()`.
  warnings.warn(
Context budgeting: {'original_size_chars': 2780, 'final_size_chars': 2780, 'budget_chars': 8000, 'reduction_applied': False, 'sample_values_cap_used': 5}

=== Benchmarking gemma3:4b ===
  [gemma3:4b] running first_attempt_0 ...
    -> 909.4s wall, structured_plan=True, valid=False
  [gemma3:4b] running replan_after_first_attempt_0 ...
    -> 205.3s wall, structured_plan=True, valid=False
  [gemma3:4b] running first_attempt_1 ...
    -> 263.4s wall, structured_plan=True, valid=False
  [gemma3:4b] running replan_after_first_attempt_1 ...
    -> 786.2s wall, structured_plan=True, valid=False
  [gemma3:4b] running first_attempt_2 ...
    -> 198.4s wall, structured_plan=True, valid=False

Merged gemma3:4b results into C:\dev\PIPER\backend\benchmark_results.json
