[think_false] sending (think=False)...
{
  "label": "think_false",
  "think_sent": false,
  "wall_seconds": 101.49289550000685,
  "eval_count": 504,
  "eval_duration_s": 86.055659,
  "thinking_field_present_and_nonempty": false,
  "thinking_chars": 0,
  "response_chars": 1873,
  "response_text": "First, the user asked: \"What is 7 plus 5?\" I need to respond with only the final number, nothing else.\n\nThe calculation is straightforward: 7 plus 5 equals 12.\n\nI must ensure that my response is just ",
  "thinking_excerpt": ""
}
[think_true] sending (think=True)...
{
  "label": "think_true",
  "think_sent": true,
  "wall_seconds": 105.03771800000686,
  "eval_count": 502,
  "eval_duration_s": 101.90507,
  "thinking_field_present_and_nonempty": true,
  "thinking_chars": 1861,
  "response_chars": 2,
  "response_text": "12",
  "thinking_excerpt": "First, the user asked: \"What is 7 plus 5? Respond with only the final number, nothing else.\"\n\nI need to calculate 7 plus 5. That's simple addition: 7 + 5 = 12.\n\nThe instruction says: \"Respond with onl"
}
[think_omitted_default] sending (think=None)...
{
  "label": "think_omitted_default",
  "think_sent": null,
  "wall_seconds": 106.5964537000109,
  "eval_count": 492,
  "eval_duration_s": 103.504189,
  "thinking_field_present_and_nonempty": true,
  "thinking_chars": 1946,
  "response_chars": 2,
  "response_text": "12",
  "thinking_excerpt": "First, the user asked: \"What is 7 plus 5? Respond with only the final number, nothing else.\"\n\nI need to calculate 7 plus 5. That's straightforward: 7 + 5 = 12.\n\nThe instruction says: \"Respond with onl"
}

Written to think_probe_results.json
