C:\Users\zaved\AppData\Local\Programs\Python\Python311\Lib\site-packages\pydantic\_internal\_fields.py:132: UserWarning: Field "model_id" in TrainingResult has conflict with protected namespace "model_".

You may be able to resolve this warning by setting `model_config['protected_namespaces'] = ()`.
  warnings.warn(
C:\Users\zaved\AppData\Local\Programs\Python\Python311\Lib\site-packages\pydantic\_internal\_fields.py:132: UserWarning: Field "model_id" in EvaluationResult has conflict with protected namespace "model_".

You may be able to resolve this warning by setting `model_config['protected_namespaces'] = ()`.
  warnings.warn(
C:\Users\zaved\AppData\Local\Programs\Python\Python311\Lib\site-packages\pydantic\_internal\_fields.py:132: UserWarning: Field "model_id" in ModelComparisonEntry has conflict with protected namespace "model_".

You may be able to resolve this warning by setting `model_config['protected_namespaces'] = ()`.
  warnings.warn(
C:\Users\zaved\AppData\Local\Programs\Python\Python311\Lib\site-packages\pydantic\_internal\_fields.py:132: UserWarning: Field "model_id" in BaselineComparisonResult has conflict with protected namespace "model_".

You may be able to resolve this warning by setting `model_config['protected_namespaces'] = ()`.
  warnings.warn(
C:\Users\zaved\AppData\Local\Programs\Python\Python311\Lib\site-packages\pydantic\_internal\_fields.py:132: UserWarning: Field "model_primary_metric_value" in BaselineComparisonResult has conflict with protected namespace "model_".

You may be able to resolve this warning by setting `model_config['protected_namespaces'] = ()`.
  warnings.warn(
C:\Users\zaved\AppData\Local\Programs\Python\Python311\Lib\site-packages\pydantic\_internal\_fields.py:132: UserWarning: Field "model_random_state" in ReproducibilityMetadata has conflict with protected namespace "model_".

You may be able to resolve this warning by setting `model_config['protected_namespaces'] = ()`.
  warnings.warn(
C:\Users\zaved\AppData\Local\Programs\Python\Python311\Lib\site-packages\pydantic\_internal\_fields.py:132: UserWarning: Field "model_results" in AgentState has conflict with protected namespace "model_".

You may be able to resolve this warning by setting `model_config['protected_namespaces'] = ()`.
  warnings.warn(
C:\Users\zaved\AppData\Local\Programs\Python\Python311\Lib\site-packages\pydantic\_internal\_fields.py:132: UserWarning: Field "model_id" in ModelArtifactMetadata has conflict with protected namespace "model_".

You may be able to resolve this warning by setting `model_config['protected_namespaces'] = ()`.
  warnings.warn(
C:\Users\zaved\AppData\Local\Programs\Python\Python311\Lib\site-packages\pydantic\_internal\_fields.py:132: UserWarning: Field "model_id" in EvaluationExplanation has conflict with protected namespace "model_".

You may be able to resolve this warning by setting `model_config['protected_namespaces'] = ()`.
  warnings.warn(
C:\Users\zaved\AppData\Local\Programs\Python\Python311\Lib\site-packages\pydantic\_internal\_fields.py:132: UserWarning: Field "model_selection" in RunExplanation has conflict with protected namespace "model_".

You may be able to resolve this warning by setting `model_config['protected_namespaces'] = ()`.
  warnings.warn(
C:\Users\zaved\AppData\Local\Programs\Python\Python311\Lib\site-packages\pydantic\_internal\_fields.py:132: UserWarning: Field "model_candidates" in CanonicalPlan has conflict with protected namespace "model_".

You may be able to resolve this warning by setting `model_config['protected_namespaces'] = ()`.
  warnings.warn(
Fixed prompt: 8068 chars, keep_alive='10m'

=== BASELINE: current production default (no explicit think field) ===
  [baseline_1_think_default] sending (think=None)...
    -> wall=286.7s eval=123.3s tokens=330 valid=True structured=True
  [baseline_2_think_default] sending (think=None)...
    -> wall=159.7s eval=156.4s tokens=435 valid=True structured=True

=== CANDIDATE: think=false (only variable changed) ===
  [candidate_1_think_false] sending (think=False)...
    -> wall=159.4s eval=156.2s tokens=425 valid=True structured=True
  [candidate_2_think_false] sending (think=False)...
    -> wall=148.0s eval=144.7s tokens=398 valid=True structured=True

Full results written to generation_control_experiment_results.json
