C:\Users\zaved\AppData\Local\Programs\Python\Python311\Lib\site-packages\pydantic\_internal\_fields.py:132: UserWarning: Field "model_id" in TrainingResult has conflict with protected namespace "model_".

You may be able to resolve this warning by setting `model_config['protected_namespaces'] = ()`.
  warnings.warn(
C:\Users\zaved\AppData\Local\Programs\Python\Python311\Lib\site-packages\pydantic\_internal\_fields.py:132: UserWarning: Field "model_id" in EvaluationResult has conflict with protected namespace "model_".

You may be able to resolve this warning by setting `model_config['protected_namespaces'] = ()`.
  warnings.warn(
C:\Users\zaved\AppData\Local\Programs\Python\Python311\Lib\site-packages\pydantic\_internal\_fields.py:132: UserWarning: Field "model_id" in ModelComparisonEntry has conflict with protected namespace "model_".

You may be able to resolve this warning by setting `model_config['protected_namespaces'] = ()`.
  warnings.warn(
C:\Users\zaved\AppData\Local\Programs\Python\Python311\Lib\site-packages\pydantic\_internal\_fields.py:132: UserWarning: Field "model_id" in BaselineComparisonResult has conflict with protected namespace "model_".

You may be able to resolve this warning by setting `model_config['protected_namespaces'] = ()`.
  warnings.warn(
C:\Users\zaved\AppData\Local\Programs\Python\Python311\Lib\site-packages\pydantic\_internal\_fields.py:132: UserWarning: Field "model_primary_metric_value" in BaselineComparisonResult has conflict with protected namespace "model_".

You may be able to resolve this warning by setting `model_config['protected_namespaces'] = ()`.
  warnings.warn(
C:\Users\zaved\AppData\Local\Programs\Python\Python311\Lib\site-packages\pydantic\_internal\_fields.py:132: UserWarning: Field "model_random_state" in ReproducibilityMetadata has conflict with protected namespace "model_".

You may be able to resolve this warning by setting `model_config['protected_namespaces'] = ()`.
  warnings.warn(
C:\Users\zaved\AppData\Local\Programs\Python\Python311\Lib\site-packages\pydantic\_internal\_fields.py:132: UserWarning: Field "model_results" in AgentState has conflict with protected namespace "model_".

You may be able to resolve this warning by setting `model_config['protected_namespaces'] = ()`.
  warnings.warn(
C:\Users\zaved\AppData\Local\Programs\Python\Python311\Lib\site-packages\pydantic\_internal\_fields.py:132: UserWarning: Field "model_id" in ModelArtifactMetadata has conflict with protected namespace "model_".

You may be able to resolve this warning by setting `model_config['protected_namespaces'] = ()`.
  warnings.warn(
C:\Users\zaved\AppData\Local\Programs\Python\Python311\Lib\site-packages\pydantic\_internal\_fields.py:132: UserWarning: Field "model_id" in EvaluationExplanation has conflict with protected namespace "model_".

You may be able to resolve this warning by setting `model_config['protected_namespaces'] = ()`.
  warnings.warn(
C:\Users\zaved\AppData\Local\Programs\Python\Python311\Lib\site-packages\pydantic\_internal\_fields.py:132: UserWarning: Field "model_selection" in RunExplanation has conflict with protected namespace "model_".

You may be able to resolve this warning by setting `model_config['protected_namespaces'] = ()`.
  warnings.warn(
C:\Users\zaved\AppData\Local\Programs\Python\Python311\Lib\site-packages\pydantic\_internal\_fields.py:132: UserWarning: Field "model_candidates" in CanonicalPlan has conflict with protected namespace "model_".

You may be able to resolve this warning by setting `model_config['protected_namespaces'] = ()`.
  warnings.warn(
Prompt: 8068 chars. Sending request at 12:03:12...
Response received after 297.4s wall time.
{
  "stage_timings_seconds": {
    "dataset_load": 0.005654100008541718,
    "sanitize_context": 0.015084500017110258,
    "apply_budget": 0.00015969999367371202,
    "build_llm_planning_context": 3.0099996365606785e-05,
    "build_prompt_string": 0.0002618000144138932,
    "ollama_http_wall": 297.37321699998574,
    "response_parsing": 0.0003076000139117241,
    "deterministic_validation": 0.0001466000103391707
  },
  "prompt_chars": 8068,
  "ollama_reported": {
    "total_duration_s": 295.3124579,
    "load_duration_s": 8.9511032,
    "prompt_eval_duration_s": 157.749543,
    "eval_duration_s": 128.496048,
    "prompt_eval_count": 2247,
    "eval_count": 360,
    "done_reason": "stop"
  },
  "thinking_response_split": {
    "thinking_chars": 1464,
    "response_chars": 0,
    "thinking_words": 161,
    "response_words": 0
  },
  "plan_valid": true,
  "violations": [],
  "proposed_step_count": 5
}

Full result written to measurement_stage_capture.json
